[2026-06-19T18:05:22.695274] 習慣改善サイクルスクリプト v1.0 起動
[2026-06-19T18:05:22.696781] 習慣データを読み込み中...
[2026-06-19T18:05:22.696781] 習慣データを分析中...
[2026-06-19T18:05:22.697785] 改善提案を生成中...
[2026-06-19T18:05:22.717835] ✓ サイクル #6 完了
[2026-06-19T18:05:22.717835]   本日完了: 3/5 (60.0%)
[2026-06-19T18:05:22.717835]   💡 完了率は60.0%。あと少し頑張れば安定範囲（80%以上）に到達できます。
[2026-06-19T18:05:22.718833]   💡 完成されていない習慣: コード勉強。これらは本当に必要ですか？
[2026-06-19T18:05:22.720853]   💡 本日は 3/5 の習慣が完了。あと 2 つ頑張りましょう！
[2026-06-19T18:05:22.720853]   💡 🎉 素晴らしい！7日連続達成: 英会話。これらは確実に習慣化されました！
[2026-06-19T18:06:09.738678] 習慣改善サイクルスクリプト v1.0 起動
[2026-06-19T18:06:09.738678] 習慣データを読み込み中...
[2026-06-19T18:06:09.739742] 習慣データを分析中...
[2026-06-19T18:06:09.739742] 改善提案を生成中...
[2026-06-19T18:06:09.740723] ✓ サイクル #7 完了
[2026-06-19T18:06:09.741767]   本日完了: 3/5 (60.0%)
[2026-06-19T18:06:09.741767]   💡 完了率は60.0%。あと少し頑張れば安定範囲（80%以上）に到達できます。
[2026-06-19T18:06:09.741767]   💡 完成されていない習慣: コード勉強。これらは本当に必要ですか？
[2026-06-19T18:06:09.742775]   💡 本日は 3/5 の習慣が完了。あと 2 つ頑張りましょう！
[2026-06-19T18:06:09.742775]   💡 🎉 素晴らしい！7日連続達成: 英会話。これらは確実に習慣化されました！
[2026-06-19T18:08:37.156982] 習慣改善サイクルスクリプト v1.0 起動
[2026-06-19T18:08:37.156982] 習慣データを読み込み中...
[2026-06-19T18:08:37.157983] 習慣データを分析中...
[2026-06-19T18:08:37.157983] 改善提案を生成中...
[2026-06-19T18:08:37.158997] ✓ サイクル #8 完了
[2026-06-19T18:08:37.159986]   本日完了: 3/5 (60.0%)
[2026-06-19T18:08:37.159986]   💡 完了率は60.0%。あと少し頑張れば安定範囲（80%以上）に到達できます。
[2026-06-19T18:08:37.159986]   💡 完成されていない習慣: コード勉強。これらは本当に必要ですか？
[2026-06-19T18:08:37.161236]   💡 本日は 3/5 の習慣が完了。あと 2 つ頑張りましょう！
[2026-06-19T18:08:37.161236]   💡 🎉 素晴らしい！7日連続達成: 英会話。これらは確実に習慣化されました！
